// Jest Snapshot v1, https://goo.gl/fbAQLP

exports[`Category component should have correct and be clickable 1`] = `null`;
