// Jest Snapshot v1, https://goo.gl/fbAQLP

exports[`Search Logic check return components 1`] = `null`;
